// Jest Snapshot v1, https://goo.gl/fbAQLP

exports[`should provide multiple dakpan states 1`] = `
<Component
  provide={
    Array [
      [Function],
      [Function],
    ]
  }
>
  <Provider>
    <Provider>
      <Consumer>
        <span>
          1
        </span>
      </Consumer>
    </Provider>
  </Provider>
</Component>
`;
